{
  "version": "1.5.0",
  "plugins_used": [
    {
      "name": "ArtifactoryDetector"
    },
    {
      "name": "AWSKeyDetector"
    },
    {
      "name": "AzureStorageKeyDetector"
    },
    {
      "name": "Base64HighEntropyString",
      "limit": 4.5
    },
    {
      "name": "BasicAuthDetector"
    },
    {
      "name": "CloudantDetector"
    },
    {
      "name": "DiscordBotTokenDetector"
    },
    {
      "name": "GitHubTokenDetector"
    },
    {
      "name": "GitLabTokenDetector"
    },
    {
      "name": "HexHighEntropyString",
      "limit": 3.0
    },
    {
      "name": "IbmCloudIamDetector"
    },
    {
      "name": "IbmCosHmacDetector"
    },
    {
      "name": "IPPublicDetector"
    },
    {
      "name": "JwtTokenDetector"
    },
    {
      "name": "KeywordDetector",
      "keyword_exclude": ""
    },
    {
      "name": "MailchimpDetector"
    },
    {
      "name": "NpmDetector"
    },
    {
      "name": "OpenAIDetector"
    },
    {
      "name": "PrivateKeyDetector"
    },
    {
      "name": "PypiTokenDetector"
    },
    {
      "name": "SendGridDetector"
    },
    {
      "name": "SlackDetector"
    },
    {
      "name": "SoftlayerDetector"
    },
    {
      "name": "SquareOAuthDetector"
    },
    {
      "name": "StripeDetector"
    },
    {
      "name": "TelegramBotTokenDetector"
    },
    {
      "name": "TwilioKeyDetector"
    }
  ],
  "filters_used": [
    {
      "path": "detect_secrets.filters.allowlist.is_line_allowlisted"
    },
    {
      "path": "detect_secrets.filters.common.is_baseline_file",
      "filename": ".secrets.baseline"
    },
    {
      "path": "detect_secrets.filters.common.is_ignored_due_to_verification_policies",
      "min_level": 2
    },
    {
      "path": "detect_secrets.filters.heuristic.is_indirect_reference"
    },
    {
      "path": "detect_secrets.filters.heuristic.is_likely_id_string"
    },
    {
      "path": "detect_secrets.filters.heuristic.is_lock_file"
    },
    {
      "path": "detect_secrets.filters.heuristic.is_not_alphanumeric_string"
    },
    {
      "path": "detect_secrets.filters.heuristic.is_potential_uuid"
    },
    {
      "path": "detect_secrets.filters.heuristic.is_prefixed_with_dollar_sign"
    },
    {
      "path": "detect_secrets.filters.heuristic.is_sequential_string"
    },
    {
      "path": "detect_secrets.filters.heuristic.is_swagger_file"
    },
    {
      "path": "detect_secrets.filters.heuristic.is_templated_secret"
    }
  ],
  "results": {
    "docs/architecture/phase2-architecture.delivery.json": [
      {
        "type": "Hex High Entropy String",
        "filename": "docs/architecture/phase2-architecture.delivery.json",
        "hashed_secret": "08dee7a622c1ecd382c4da9cc267e2f4d83fe85b",
        "is_verified": false,
        "line_number": 9
      },
      {
        "type": "Hex High Entropy String",
        "filename": "docs/architecture/phase2-architecture.delivery.json",
        "hashed_secret": "a060538729897b69da27e34b06df937f3f796240",
        "is_verified": false,
        "line_number": 13
      }
    ],
    "docs/architecture/phase2-architecture.visual-check.json": [
      {
        "type": "Hex High Entropy String",
        "filename": "docs/architecture/phase2-architecture.visual-check.json",
        "hashed_secret": "a060538729897b69da27e34b06df937f3f796240",
        "is_verified": false,
        "line_number": 10
      }
    ],
    "docs/architecture/phase2-before.architecture.json": [
      {
        "type": "Hex High Entropy String",
        "filename": "docs/architecture/phase2-before.architecture.json",
        "hashed_secret": "b7f5b8ff3fe801f92351b049cc13c17e1ff73e94",
        "is_verified": false,
        "line_number": 10
      }
    ],
    "docs/architecture/phase2-before.html": [
      {
        "type": "Hex High Entropy String",
        "filename": "docs/architecture/phase2-before.html",
        "hashed_secret": "b7f5b8ff3fe801f92351b049cc13c17e1ff73e94",
        "is_verified": false,
        "line_number": 4963
      }
    ],
    "docs/architecture/phase2-before.visual-check.json": [
      {
        "type": "Hex High Entropy String",
        "filename": "docs/architecture/phase2-before.visual-check.json",
        "hashed_secret": "b399ca8198d437d82faac621a68866dde8c60584",
        "is_verified": false,
        "line_number": 10
      }
    ],
    "docs/architecture/phase2-dataflow.delivery.json": [
      {
        "type": "Hex High Entropy String",
        "filename": "docs/architecture/phase2-dataflow.delivery.json",
        "hashed_secret": "cc3c1b54650cb3812b223f2ad9229f486f0a1e06",
        "is_verified": false,
        "line_number": 9
      },
      {
        "type": "Hex High Entropy String",
        "filename": "docs/architecture/phase2-dataflow.delivery.json",
        "hashed_secret": "cab0464bcc1acc04d91cca7b3f06759b1ad63be5",
        "is_verified": false,
        "line_number": 13
      }
    ],
    "docs/architecture/phase2-dataflow.visual-check.json": [
      {
        "type": "Hex High Entropy String",
        "filename": "docs/architecture/phase2-dataflow.visual-check.json",
        "hashed_secret": "cab0464bcc1acc04d91cca7b3f06759b1ad63be5",
        "is_verified": false,
        "line_number": 10
      }
    ],
    "docs/architecture/phase2-winddown-sequence.delivery.json": [
      {
        "type": "Hex High Entropy String",
        "filename": "docs/architecture/phase2-winddown-sequence.delivery.json",
        "hashed_secret": "9b9b112eb8c708b18a550981d590036e31e58f58",
        "is_verified": false,
        "line_number": 9
      },
      {
        "type": "Hex High Entropy String",
        "filename": "docs/architecture/phase2-winddown-sequence.delivery.json",
        "hashed_secret": "675fbbc344653e680320bcb881781632afeac975",
        "is_verified": false,
        "line_number": 13
      }
    ],
    "docs/architecture/phase2-winddown-sequence.visual-check.json": [
      {
        "type": "Hex High Entropy String",
        "filename": "docs/architecture/phase2-winddown-sequence.visual-check.json",
        "hashed_secret": "675fbbc344653e680320bcb881781632afeac975",
        "is_verified": false,
        "line_number": 10
      }
    ],
    "docs/architecture/poc/final-architecture.visual-check.json": [
      {
        "type": "Hex High Entropy String",
        "filename": "docs/architecture/poc/final-architecture.visual-check.json",
        "hashed_secret": "4d8fb33b2ad152fc358f132b11ca5c681a8086af",
        "is_verified": false,
        "line_number": 10
      }
    ],
    "docs/architecture/poc/knowledge-pipeline.visual-check.json": [
      {
        "type": "Hex High Entropy String",
        "filename": "docs/architecture/poc/knowledge-pipeline.visual-check.json",
        "hashed_secret": "3ff958257283c52a911fd1f61262aa13c09b231f",
        "is_verified": false,
        "line_number": 10
      }
    ],
    "docs/data/bench-baseline-phase-a.json": [
      {
        "type": "Hex High Entropy String",
        "filename": "docs/data/bench-baseline-phase-a.json",
        "hashed_secret": "8046d007ff853c701c658a175f348396df946161",
        "is_verified": false,
        "line_number": 92
      },
      {
        "type": "Hex High Entropy String",
        "filename": "docs/data/bench-baseline-phase-a.json",
        "hashed_secret": "509e1e2c524cde8c525551f230c2f046d3fc3d1e",
        "is_verified": false,
        "line_number": 297
      }
    ],
    "docs/data/concept-projection-baseline.json": [
      {
        "type": "Hex High Entropy String",
        "filename": "docs/data/concept-projection-baseline.json",
        "hashed_secret": "37e64992749b138a5ba8e4fe99ce9a252a17d893",
        "is_verified": false,
        "line_number": 2
      }
    ],
    "docs/data/legacy-okf-import-baseline.json": [
      {
        "type": "Hex High Entropy String",
        "filename": "docs/data/legacy-okf-import-baseline.json",
        "hashed_secret": "88a726f3c30f469a397add6f12fa241dfef0a93d",
        "is_verified": false,
        "line_number": 3
      },
      {
        "type": "Hex High Entropy String",
        "filename": "docs/data/legacy-okf-import-baseline.json",
        "hashed_secret": "cbd892ba20d98c3f52af1450663d0d55252e0ef7",
        "is_verified": false,
        "line_number": 58
      },
      {
        "type": "Hex High Entropy String",
        "filename": "docs/data/legacy-okf-import-baseline.json",
        "hashed_secret": "b5f310bd4ca88671022cce72cd5fdd0482088a2f",
        "is_verified": false,
        "line_number": 62
      },
      {
        "type": "Hex High Entropy String",
        "filename": "docs/data/legacy-okf-import-baseline.json",
        "hashed_secret": "bcb311991b8508cadea0daa6174326ff14ea58f9",
        "is_verified": false,
        "line_number": 64
      },
      {
        "type": "Hex High Entropy String",
        "filename": "docs/data/legacy-okf-import-baseline.json",
        "hashed_secret": "920789a999e2e6cca5c1ed669bb99b56c2a3ae62",
        "is_verified": false,
        "line_number": 77
      },
      {
        "type": "Hex High Entropy String",
        "filename": "docs/data/legacy-okf-import-baseline.json",
        "hashed_secret": "fca997590648569d1e134e888ef45d8a39eeab9c",
        "is_verified": false,
        "line_number": 78
      },
      {
        "type": "Hex High Entropy String",
        "filename": "docs/data/legacy-okf-import-baseline.json",
        "hashed_secret": "f169086cc764375546557e5628366565599a00df",
        "is_verified": false,
        "line_number": 79
      },
      {
        "type": "Hex High Entropy String",
        "filename": "docs/data/legacy-okf-import-baseline.json",
        "hashed_secret": "3e9d1737117ff62b23e37aedc72b522b0134997a",
        "is_verified": false,
        "line_number": 80
      }
    ],
    "docs/data/ontology-tier1-baseline.json": [
      {
        "type": "Hex High Entropy String",
        "filename": "docs/data/ontology-tier1-baseline.json",
        "hashed_secret": "22a384f090394e882f746edef501a233fb3cbede",
        "is_verified": false,
        "line_number": 3
      },
      {
        "type": "Hex High Entropy String",
        "filename": "docs/data/ontology-tier1-baseline.json",
        "hashed_secret": "509e1e2c524cde8c525551f230c2f046d3fc3d1e",
        "is_verified": false,
        "line_number": 23
      },
      {
        "type": "Hex High Entropy String",
        "filename": "docs/data/ontology-tier1-baseline.json",
        "hashed_secret": "bcb61e2c38d5f567c7cdb943475dff54347cb9c8",
        "is_verified": false,
        "line_number": 44
      }
    ],
    "docs/data/release-evidence-0.2.0.json": [
      {
        "type": "Hex High Entropy String",
        "filename": "docs/data/release-evidence-0.2.0.json",
        "hashed_secret": "e3de15caca723a700bc63b2adc23ac23b5dd6cf6",
        "is_verified": false,
        "line_number": 6
      },
      {
        "type": "Hex High Entropy String",
        "filename": "docs/data/release-evidence-0.2.0.json",
        "hashed_secret": "5ae58f69d653a20af84c911d4e65673faa2d3a75",
        "is_verified": false,
        "line_number": 7
      }
    ],
    "src/session_weaver/installed_smoke.py": [
      {
        "type": "Hex High Entropy String",
        "filename": "src/session_weaver/installed_smoke.py",
        "hashed_secret": "e3de15caca723a700bc63b2adc23ac23b5dd6cf6",
        "is_verified": false,
        "line_number": 17
      }
    ],
    "tests/test_bench.py": [
      {
        "type": "Hex High Entropy String",
        "filename": "tests/test_bench.py",
        "hashed_secret": "8046d007ff853c701c658a175f348396df946161",
        "is_verified": false,
        "line_number": 163
      }
    ],
    "tests/test_release.py": [
      {
        "type": "Hex High Entropy String",
        "filename": "tests/test_release.py",
        "hashed_secret": "e3de15caca723a700bc63b2adc23ac23b5dd6cf6",
        "is_verified": false,
        "line_number": 16
      },
      {
        "type": "Hex High Entropy String",
        "filename": "tests/test_release.py",
        "hashed_secret": "5ae58f69d653a20af84c911d4e65673faa2d3a75",
        "is_verified": false,
        "line_number": 17
      },
      {
        "type": "Hex High Entropy String",
        "filename": "tests/test_release.py",
        "hashed_secret": "153b5a7e8921b44c0abcdb6926efb68ef69d45d7",
        "is_verified": false,
        "line_number": 52
      }
    ]
  },
  "generated_at": "2026-09-08T09:06:38Z"
}
